// Jest Snapshot v1, https://goo.gl/fbAQLP

exports[`renders correctly 1`] = `
<section
  className="blog "
>
  <div
    className="container px-5 py-24 mx-auto"
  >
    <div
      className="flex flex-wrap sm:-m-4 -mx-4 -mb-10 -mt-4"
    >
      <div
        className="p-5  md:mb-0 mb-6 flex flex-col justify-center items-center  mx-auto"
      >
        <div
          className="bg-gray-300 h-56 w-full  shadow-md bg-cover bg-center "
          style={
            Object {
              "backgroundImage": "url( ",
            }
          }
        />
        <div
          className="  bg-white -mt-10 shadow-lg rounded-lg overflow-hidden p-5"
        >
          <div
            className="header-content inline-flex"
          >
            <div
              className="category-title flex-1 text-sm text-gray-400"
            >
              11/15/2020
            </div>
          </div>
          <div
            className="title-post text-3xl"
          >
            <h2
              className="text-blue-500 "
            >
               
            </h2>
          </div>
          <div
            className="summary-post text-base text-justify text-1xl "
          >
            <p>
               
            </p>
            <button
              className="bg-green-400 text-white px-2 mt-4 block rounded p-2 text-sm"
              type="button"
            >
              <li>
                <a
                  href="//1"
                  onClick={[Function]}
                >
                  read more
                </a>
              </li>
            </button>
          </div>
        </div>
      </div>
    </div>
  </div>
</section>
`;

exports[`renders correctly 2`] = `
<section
  className="blog w-full  shadow-sm"
>
  <div
    className="container w-full px-5 py-24 mx-auto"
  >
    <div
      className=" flex-wrap sm:-m-4 -mx-4 -mb-10 -mt-4"
    >
      <div
        className=" m-auto flex flex-col lg:flex-row "
      >
        <div
          className="bg-gray-300 h-56 w-full flex w-auto lg:w-2/3 lg:h-auto shadow-sm bg-cover bg-center content-center "
          style={
            Object {
              "backgroundImage": "url( ",
            }
          }
        />
        <div
          className="w-auto rounded overflow-hidden border hover:shadow-lg"
        >
          <div
            className="  shadow-sm bg-white -mt-10 m-auto rounded-lg overflow-hidden p-6"
          >
            <div
              className="header-content "
            >
              <div
                className="category-title mt-10 w-full  flex-1 text-sm text-gray-400"
              >
                11/15/2020
              </div>
            </div>
            <div
              className="title-post text-lg mt-5"
            >
              <h2
                className="text-black "
              >
                 
              </h2>
            </div>
            <div
              className="summary-post text-base text-gray-500 pt-2 text-justify text-md "
            >
              <p>
                 
              </p>
              <div
                className="mt-2"
              >
                <a
                  className="text-blue-400 hover:text-blue-900 text-sm transition duration-150 ease-in-out"
                  href="/articles/1"
                  onClick={[Function]}
                >
                  Read more
                  <svg
                    aria-hidden="true"
                    className="chev inline-block ml-1 w-2 h-2 stroke-2 stroke-current"
                    fill="none"
                    viewBox="0 0 10 10"
                  >
                    <g
                      fillRule="evenodd"
                    >
                      <path
                        d="M1 1l4 4-4 4"
                      />
                    </g>
                  </svg>
                  <svg
                    aria-hidden="true"
                    className="arr hidden hover:inline-block ml-1 w-2 h-2 stroke-2 stroke-current"
                    fill="none"
                    viewBox="0 0 10 10"
                  >
                    <g
                      fillRule="evenodd"
                    >
                      <path
                        d="M0 5h7"
                      />
                      <path
                        d="M4 1l4 4-4 4"
                      />
                    </g>
                  </svg>
                </a>
                
              </div>
            </div>
          </div>
        </div>
      </div>
    </div>
  </div>
</section>
`;
