// Jest Snapshot v1, https://goo.gl/fbAQLP

exports[`renders correctly 1`] = `
<section
  className="blog "
>
  <div
    className="container px-5 py-24 mx-auto"
  >
    <div
      className="flex flex-wrap sm:-m-4 -mx-4 -mb-10 -mt-4"
    >
      <div
        className="p-5  md:mb-0 mb-6 flex flex-col justify-center items-center  mx-auto"
      >
        <div
          className="bg-gray-300 h-56 w-full  shadow-md bg-cover bg-center "
          style={
            Object {
              "backgroundImage": "url( ",
            }
          }
        />
        <div
          className="  bg-white -mt-10 shadow-lg rounded-lg overflow-hidden p-5"
        >
          <div
            className="header-content inline-flex"
          >
            <div
              className="category-title flex-1 text-sm text-gray-400"
            >
              11/10/2020
            </div>
          </div>
          <div
            className="title-post text-3xl"
          >
            <h2
              className="text-blue-500 "
            >
               
            </h2>
          </div>
          <div
            className="summary-post text-base text-justify text-1xl "
          >
            <p>
               
            </p>
            <button
              className="bg-green-400 text-white px-2 mt-4 block rounded p-2 text-sm"
              type="button"
            >
              <li>
                <a
                  href="//1"
                  onClick={[Function]}
                >
                   
                </a>
              </li>
            </button>
          </div>
        </div>
      </div>
    </div>
  </div>
</section>
`;
