// Jest Snapshot v1, https://goo.gl/fbAQLP

exports[`renders correctly 1`] = `
<div
  className="p-10"
>
  <div
    className="mt-6 text-center "
  >
    <h1
      className="text-xl text-gray-600"
    >
      Mental Health Articles & Advices
    </h1>
    <div
      className="flex box-content justify-center"
    >
      <p
        className="font-mono w-2/4"
      >
        Extreme emotions, attitudes, and behaviors involving weight and food is a kind of mental health problem. Read more about the causes, symptoms and how to get help.
      </p>
    </div>
    <div
      className="m-5 flex box-content justify-center"
    >
      <div
        className="flex box-content justify-center bg-white rounded-full border border-black-600 w-2/5"
      >
        <input
          className="rounded-l-full w-full py-1 px-4 text-gray-700 leading-tight focus:outline-none"
          id="search"
          placeholder="Search"
          type="text"
        />
        <div
          className="p-1"
        >
          <button
            className="bg-blue-500 text-white rounded-full p-2 hover:bg-blue-400 focus:outline-none w-12 h-12 flex items-center justify-center"
            type="button"
          >
            <svg
              aria-hidden="true"
              className="svg-inline--fa fa-search fa-w-16 pt-1 text-lg text-white md:text-xl"
              data-icon="search"
              data-prefix="fas"
              focusable="false"
              role="img"
              style={Object {}}
              viewBox="0 0 512 512"
              xmlns="http://www.w3.org/2000/svg"
            >
              <path
                d="M505 442.7L405.3 343c-4.5-4.5-10.6-7-17-7H372c27.6-35.3 44-79.7 44-128C416 93.1 322.9 0 208 0S0 93.1 0 208s93.1 208 208 208c48.3 0 92.7-16.4 128-44v16.3c0 6.4 2.5 12.5 7 17l99.7 99.7c9.4 9.4 24.6 9.4 33.9 0l28.3-28.3c9.4-9.4 9.4-24.6.1-34zM208 336c-70.7 0-128-57.2-128-128 0-70.7 57.2-128 128-128 70.7 0 128 57.2 128 128 0 70.7-57.2 128-128 128z"
                fill="currentColor"
                style={Object {}}
              />
            </svg>
          </button>
        </div>
      </div>
    </div>
  </div>
  <div
    className="flex flex-col"
  >
    <div
      className="w-full flex-grow"
    >
      <div>
        <div
          className="w-full h-full flex content-center "
        >
          <div
            className="mx-auto mt-20 my-20 container w-1/5 items-center"
          >
            <div
              aria-label="animation"
              onClick={[Function]}
              role="button"
              style={
                Object {
                  "height": "auto",
                  "margin": "0 auto",
                  "outline": "none",
                  "overflow": "hidden",
                  "width": "400px",
                }
              }
              tabIndex="0"
              title=""
            />
          </div>
        </div>
        <div
          className="text-cente"
        >
          <p>
            Loading articles please waite ...
          </p>
        </div>
      </div>
    </div>
    <div
      className="w-full flex "
    />
    <div>
      <div
        className="w-full h-full flex content-center "
      >
        <div
          className="mx-auto mt-20 my-20 container w-1/5 items-center"
        >
          <div
            aria-label="animation"
            onClick={[Function]}
            role="button"
            style={
              Object {
                "height": "auto",
                "margin": "0 auto",
                "outline": "none",
                "overflow": "hidden",
                "width": "400px",
              }
            }
            tabIndex="0"
            title=""
          />
        </div>
      </div>
      <div
        className="text-cente"
      >
        <p>
          Loading articles please waite ...
        </p>
      </div>
    </div>
    <div
      className="flex"
    >
      <button
        className="bg-green-400 text-white px-2 mt-4 block rounded p-2 text-sm m-auto"
        onClick={[Function]}
        type="button"
      >
        show more
      </button>
    </div>
    <div>
       
    </div>
  </div>
</div>
`;
