// Jest Snapshot v1, https://goo.gl/fbAQLP

exports[`renders correctly 1`] = `
<div
  className="w-full max-w-xs  mx-auto"
>
  <h2
    className="text-center mt-5"
  >
    GET IN TOUCH 
  </h2>
  <form
    className="bg-white shadow-md rounded px-8 pt-6 pb-8 mb-4"
    onSubmit={[Function]}
  >
    <label
      className="block text-gray-700 text-sm font-bold mb-2"
      htmlFor="email"
    >
      Email
    </label>
    <input
      className="shadow appearance-none border rounded w-full py-2 px-3 text-gray-700 leading-tight focus:outline-none focus:shadow-outline"
      id="email"
      name="email"
      onChange={[Function]}
      placeholder="Enter your Email"
      type="text"
    />
    <br />
    <label
      className="block text-gray-700 text-sm font-bold mb-2"
      htmlFor="message"
    >
      Message
    </label>
    <textarea
      className="shadow appearance-none border rounded w-full py-2 px-3 text-gray-700 leading-tight focus:outline-none focus:shadow-outline"
      id="message"
      name="message"
      onChange={[Function]}
      placeholder="Enter your Message"
      rows="5"
    />
    <button
      className="bg-red-500 mt-4 hover:bg-red-700 text-white font-bold py-2 px-4 rounded focus:outline-none focus:shadow-outline"
      type="submit"
    >
      SEND
    </button>
  </form>
</div>
`;
