// Jest Snapshot v1, https://goo.gl/fbAQLP

exports[`renders correctly 1`] = `
<section
  className="text-gray-700 body-font"
>
  <div
    className="container px-5 py-24 mx-auto"
  >
    <div
      className="flex flex-wrap justify-center py-8 text-center "
    >
      <div
        className="w-full px-12 md:w-6/12 md:px-4"
      >
        <h2
          className="text-4xl text-blue-700 "
        >
          GetInTouch
        </h2>
        <p
          className="mt-4 mb-4 text-lg leading-relaxed text-gray-600"
        >
          contactus
        </p>
      </div>
    </div>
    <form
      onSubmit={[Function]}
    >
      <div
        className="mx-auto lg:w-1/2 md:w-2/3"
      >
        <div
          className="flex flex-wrap -m-2"
        >
          <div
            className="w-1/2 p-2"
          >
            <input
              className="w-full px-3 py-1 text-base leading-8 text-gray-700 transition-colors duration-200 ease-in-out bg-gray-100 border border-gray-300 rounded outline-none focus:border-indigo-500"
              id="name"
              name="name"
              placeholder="Name"
              required={true}
              type="text"
            />
          </div>
          <div
            className="w-1/2 p-2"
          >
            <input
              className="w-full px-3 py-1 text-base leading-8 text-gray-700 transition-colors duration-200 ease-in-out bg-gray-100 border border-gray-300 rounded outline-none focus:border-indigo-500"
              id="email"
              name="email"
              placeholder="Email"
              required={true}
              type="email"
            />
          </div>
          <div
            className="w-full p-2"
          >
            <textarea
              className="w-full h-32 px-3 py-1 text-base leading-6 text-gray-700 transition-colors duration-200 ease-in-out bg-gray-100 border border-gray-300 rounded outline-none resize-none focus:border-indigo-500"
              id="message"
              name="message"
              placeholder="Message"
              required={true}
            />
          </div>
          <div
            className="w-full p-2"
          >
            <button
              className="inline-block w-full px-4 py-3 mt-5 text-white bg-blue-800 rounded shadow-lg hover:bg-blue-600 focus:bg-blue-700"
              type="submit"
            >
              Send
            </button>
          </div>
        </div>
      </div>
      <div
        className="text-lg text-center text-red-500"
      >
        
      </div>
    </form>
  </div>
</section>
`;
