// Jest Snapshot v1, https://goo.gl/fbAQLP

exports[`renders correctly 1`] = `
<div
  className="relative bg-gray-400 h-screan"
>
  <div
    className="top-0 flex-grow w-full h-64 py-64 Header "
    style={
      Object {
        "backgroundColor": "#ADCCD2",
      }
    }
  >
    <svg
      className="absolute w-full h-full buttom-0"
      preserveAspectRatio="none"
      viewBox="0 0 100 100"
      xmlns="http://www.w3.org/2000/svg"
    >
      <polygon
        fill="white"
        points="0,100 100,0 100,100"
      />
    </svg>
  </div>
  <div
    className="absolute left-0 right-0 w-full mx-auto md:w-9/12"
    style={
      Object {
        "top": "300px",
      }
    }
  >
    <div
      className="flex flex-col"
    >
      <div
        className="-my-2 overflow-x-auto sm:-mx-6 lg:-mx-8"
      >
        <div
          className="inline-block min-w-full py-2 align-middle sm:px-6 lg:px-8"
        >
          <div
            className="overflow-hidden border-b border-gray-200 shadow sm:roNot provided yetd-lg"
          >
            <table
              className="min-w-full divide-y divide-gray-200"
            >
              <thead
                className="bg-gray-200"
              >
                <tr>
                  <th
                    className="px-6 py-3 text-xs font-medium leading-4 tracking-wider text-left text-gray-500 uppercase bg-gray-50"
                  >
                    Name
                  </th>
                  <th
                    className="px-6 py-3 text-xs font-medium leading-4 tracking-wider text-left text-gray-500 uppercase bg-gray-50"
                  >
                    specialty
                  </th>
                  <th
                    className="px-6 py-3 text-xs font-medium leading-4 tracking-wider text-left text-gray-500 uppercase bg-gray-50"
                  >
                    workplace
                  </th>
                  <th
                    className="px-6 py-3 bg-gray-50"
                  />
                </tr>
              </thead>
              <tbody
                className="bg-white divide-y divide-gray-200"
              >
                <tr>
                  <td
                    className="px-6 py-4 whitespace-no-wrap"
                  >
                    <div
                      className="flex items-center"
                    >
                      <div
                        className="flex-shrink-0 w-10 h-10"
                      >
                        <img
                          alt=""
                          className="w-10 h-10 roNot provided yetd-full"
                          src="https://www.shareicon.net/data/512x512/2016/08/18/813849_people_512x512.png"
                        />
                      </div>
                      <div
                        className="ml-4"
                      >
                        <div
                          className="text-sm font-medium leading-5 text-gray-900"
                        >
                          Dr. Nabeel No'man
                        </div>
                        <div
                          className="text-sm leading-5 text-gray-500"
                        >
                          example@gmail.com
                        </div>
                      </div>
                    </div>
                  </td>
                  <td
                    className="px-6 py-4 whitespace-no-wrap"
                  >
                    <div
                      className="text-sm leading-5 text-gray-900"
                    >
                      Depression
                    </div>
                  </td>
                  <td
                    className="px-6 py-4 whitespace-no-wrap"
                  >
                    <span
                      className="inline-flex px-2 text-xs font-semibold leading-5 text-green-800 bg-green-100 roNot provided yetd-full"
                    >
                      Azal Hospital
                    </span>
                  </td>
                  <td
                    className="px-6 py-4 text-sm font-medium leading-5 text-right whitespace-no-wrap"
                  >
                    <button
                      className="text-indigo-600 hover:text-blue-500"
                      onClick={[Function]}
                    >
                      Contact
                    </button>
                  </td>
                </tr>
              </tbody>
              <tbody
                className="bg-white divide-y divide-gray-200"
              >
                <tr>
                  <td
                    className="px-6 py-4 whitespace-no-wrap"
                  >
                    <div
                      className="flex items-center"
                    >
                      <div
                        className="flex-shrink-0 w-10 h-10"
                      >
                        <img
                          alt=""
                          className="w-10 h-10 roNot provided yetd-full"
                          src="https://www.shareicon.net/data/512x512/2016/08/18/813849_people_512x512.png"
                        />
                      </div>
                      <div
                        className="ml-4"
                      >
                        <div
                          className="text-sm font-medium leading-5 text-gray-900"
                        >
                          Dr. Nabeel No'man
                        </div>
                        <div
                          className="text-sm leading-5 text-gray-500"
                        >
                          example@gmail.com
                        </div>
                      </div>
                    </div>
                  </td>
                  <td
                    className="px-6 py-4 whitespace-no-wrap"
                  >
                    <div
                      className="text-sm leading-5 text-gray-900"
                    >
                      Depression
                    </div>
                  </td>
                  <td
                    className="px-6 py-4 whitespace-no-wrap"
                  >
                    <span
                      className="inline-flex px-2 text-xs font-semibold leading-5 text-green-800 bg-green-100 roNot provided yetd-full"
                    >
                      Azal Hospital
                    </span>
                  </td>
                  <td
                    className="px-6 py-4 text-sm font-medium leading-5 text-right whitespace-no-wrap"
                  >
                    <button
                      className="text-indigo-600 hover:text-blue-500"
                      onClick={[Function]}
                    >
                      Contact
                    </button>
                  </td>
                </tr>
              </tbody>
              <tbody
                className="bg-white divide-y divide-gray-200"
              >
                <tr>
                  <td
                    className="px-6 py-4 whitespace-no-wrap"
                  >
                    <div
                      className="flex items-center"
                    >
                      <div
                        className="flex-shrink-0 w-10 h-10"
                      >
                        <img
                          alt=""
                          className="w-10 h-10 roNot provided yetd-full"
                          src="https://www.shareicon.net/data/512x512/2016/08/18/813844_people_512x512.png"
                        />
                      </div>
                      <div
                        className="ml-4"
                      >
                        <div
                          className="text-sm font-medium leading-5 text-gray-900"
                        >
                          Dr. Nabeel No'man
                        </div>
                        <div
                          className="text-sm leading-5 text-gray-500"
                        >
                          example@gmail.com
                        </div>
                      </div>
                    </div>
                  </td>
                  <td
                    className="px-6 py-4 whitespace-no-wrap"
                  >
                    <div
                      className="text-sm leading-5 text-gray-900"
                    >
                      Depression
                    </div>
                  </td>
                  <td
                    className="px-6 py-4 whitespace-no-wrap"
                  >
                    <span
                      className="inline-flex px-2 text-xs font-semibold leading-5 text-green-800 bg-green-100 roNot provided yetd-full"
                    >
                      Azal Hospital
                    </span>
                  </td>
                  <td
                    className="px-6 py-4 text-sm font-medium leading-5 text-right whitespace-no-wrap"
                  >
                    <button
                      className="text-indigo-600 hover:text-blue-500"
                      onClick={[Function]}
                    >
                      Contact
                    </button>
                  </td>
                </tr>
              </tbody>
              <tbody
                className="bg-white divide-y divide-gray-200"
              >
                <tr>
                  <td
                    className="px-6 py-4 whitespace-no-wrap"
                  >
                    <div
                      className="flex items-center"
                    >
                      <div
                        className="flex-shrink-0 w-10 h-10"
                      >
                        <img
                          alt=""
                          className="w-10 h-10 roNot provided yetd-full"
                          src="https://www.shareicon.net/data/512x512/2016/08/18/813849_people_512x512.png"
                        />
                      </div>
                      <div
                        className="ml-4"
                      >
                        <div
                          className="text-sm font-medium leading-5 text-gray-900"
                        >
                          Dr. Nabeel No'man
                        </div>
                        <div
                          className="text-sm leading-5 text-gray-500"
                        >
                          example@gmail.com
                        </div>
                      </div>
                    </div>
                  </td>
                  <td
                    className="px-6 py-4 whitespace-no-wrap"
                  >
                    <div
                      className="text-sm leading-5 text-gray-900"
                    >
                      Depression
                    </div>
                  </td>
                  <td
                    className="px-6 py-4 whitespace-no-wrap"
                  >
                    <span
                      className="inline-flex px-2 text-xs font-semibold leading-5 text-green-800 bg-green-100 roNot provided yetd-full"
                    >
                      Azal Hospital
                    </span>
                  </td>
                  <td
                    className="px-6 py-4 text-sm font-medium leading-5 text-right whitespace-no-wrap"
                  >
                    <button
                      className="text-indigo-600 hover:text-blue-500"
                      onClick={[Function]}
                    >
                      Contact
                    </button>
                  </td>
                </tr>
              </tbody>
              <tbody
                className="bg-white divide-y divide-gray-200"
              >
                <tr>
                  <td
                    className="px-6 py-4 whitespace-no-wrap"
                  >
                    <div
                      className="flex items-center"
                    >
                      <div
                        className="flex-shrink-0 w-10 h-10"
                      >
                        <img
                          alt=""
                          className="w-10 h-10 roNot provided yetd-full"
                          src="https://www.shareicon.net/data/512x512/2016/08/18/813844_people_512x512.png"
                        />
                      </div>
                      <div
                        className="ml-4"
                      >
                        <div
                          className="text-sm font-medium leading-5 text-gray-900"
                        >
                          Dr. Nabeel No'man
                        </div>
                        <div
                          className="text-sm leading-5 text-gray-500"
                        >
                          example@gmail.com
                        </div>
                      </div>
                    </div>
                  </td>
                  <td
                    className="px-6 py-4 whitespace-no-wrap"
                  >
                    <div
                      className="text-sm leading-5 text-gray-900"
                    >
                      Depression
                    </div>
                  </td>
                  <td
                    className="px-6 py-4 whitespace-no-wrap"
                  >
                    <span
                      className="inline-flex px-2 text-xs font-semibold leading-5 text-green-800 bg-green-100 roNot provided yetd-full"
                    >
                      Azal Hospital
                    </span>
                  </td>
                  <td
                    className="px-6 py-4 text-sm font-medium leading-5 text-right whitespace-no-wrap"
                  >
                    <button
                      className="text-indigo-600 hover:text-blue-500"
                      onClick={[Function]}
                    >
                      Contact
                    </button>
                  </td>
                </tr>
              </tbody>
              <tbody
                className="bg-white divide-y divide-gray-200"
              >
                <tr>
                  <td
                    className="px-6 py-4 whitespace-no-wrap"
                  >
                    <div
                      className="flex items-center"
                    >
                      <div
                        className="flex-shrink-0 w-10 h-10"
                      >
                        <img
                          alt=""
                          className="w-10 h-10 roNot provided yetd-full"
                          src="https://www.shareicon.net/data/512x512/2016/08/18/813849_people_512x512.png"
                        />
                      </div>
                      <div
                        className="ml-4"
                      >
                        <div
                          className="text-sm font-medium leading-5 text-gray-900"
                        >
                          Dr. Nabeel No'man
                        </div>
                        <div
                          className="text-sm leading-5 text-gray-500"
                        >
                          example@gmail.com
                        </div>
                      </div>
                    </div>
                  </td>
                  <td
                    className="px-6 py-4 whitespace-no-wrap"
                  >
                    <div
                      className="text-sm leading-5 text-gray-900"
                    >
                      Depression
                    </div>
                  </td>
                  <td
                    className="px-6 py-4 whitespace-no-wrap"
                  >
                    <span
                      className="inline-flex px-2 text-xs font-semibold leading-5 text-green-800 bg-green-100 roNot provided yetd-full"
                    >
                      Azal Hospital
                    </span>
                  </td>
                  <td
                    className="px-6 py-4 text-sm font-medium leading-5 text-right whitespace-no-wrap"
                  >
                    <button
                      className="text-indigo-600 hover:text-blue-500"
                      onClick={[Function]}
                    >
                      Contact
                    </button>
                  </td>
                </tr>
              </tbody>
              <tbody
                className="bg-white divide-y divide-gray-200"
              >
                <tr>
                  <td
                    className="px-6 py-4 whitespace-no-wrap"
                  >
                    <div
                      className="flex items-center"
                    >
                      <div
                        className="flex-shrink-0 w-10 h-10"
                      >
                        <img
                          alt=""
                          className="w-10 h-10 roNot provided yetd-full"
                          src="https://www.shareicon.net/data/512x512/2016/08/18/813849_people_512x512.png"
                        />
                      </div>
                      <div
                        className="ml-4"
                      >
                        <div
                          className="text-sm font-medium leading-5 text-gray-900"
                        >
                          Dr. Nabeel No'man
                        </div>
                        <div
                          className="text-sm leading-5 text-gray-500"
                        >
                          example@gmail.com
                        </div>
                      </div>
                    </div>
                  </td>
                  <td
                    className="px-6 py-4 whitespace-no-wrap"
                  >
                    <div
                      className="text-sm leading-5 text-gray-900"
                    >
                      Depression
                    </div>
                  </td>
                  <td
                    className="px-6 py-4 whitespace-no-wrap"
                  >
                    <span
                      className="inline-flex px-2 text-xs font-semibold leading-5 text-green-800 bg-green-100 roNot provided yetd-full"
                    >
                      Azal Hospital
                    </span>
                  </td>
                  <td
                    className="px-6 py-4 text-sm font-medium leading-5 text-right whitespace-no-wrap"
                  >
                    <button
                      className="text-indigo-600 hover:text-blue-500"
                      onClick={[Function]}
                    >
                      Contact
                    </button>
                  </td>
                </tr>
              </tbody>
              <tbody
                className="bg-white divide-y divide-gray-200"
              >
                <tr>
                  <td
                    className="px-6 py-4 whitespace-no-wrap"
                  >
                    <div
                      className="flex items-center"
                    >
                      <div
                        className="flex-shrink-0 w-10 h-10"
                      >
                        <img
                          alt=""
                          className="w-10 h-10 roNot provided yetd-full"
                          src="https://www.shareicon.net/data/512x512/2016/08/18/813844_people_512x512.png"
                        />
                      </div>
                      <div
                        className="ml-4"
                      >
                        <div
                          className="text-sm font-medium leading-5 text-gray-900"
                        >
                          Dr. Nabeel No'man
                        </div>
                        <div
                          className="text-sm leading-5 text-gray-500"
                        >
                          example@gmail.com
                        </div>
                      </div>
                    </div>
                  </td>
                  <td
                    className="px-6 py-4 whitespace-no-wrap"
                  >
                    <div
                      className="text-sm leading-5 text-gray-900"
                    >
                      Depression
                    </div>
                  </td>
                  <td
                    className="px-6 py-4 whitespace-no-wrap"
                  >
                    <span
                      className="inline-flex px-2 text-xs font-semibold leading-5 text-green-800 bg-green-100 roNot provided yetd-full"
                    >
                      Azal Hospital
                    </span>
                  </td>
                  <td
                    className="px-6 py-4 text-sm font-medium leading-5 text-right whitespace-no-wrap"
                  >
                    <button
                      className="text-indigo-600 hover:text-blue-500"
                      onClick={[Function]}
                    >
                      Contact
                    </button>
                  </td>
                </tr>
              </tbody>
            </table>
          </div>
        </div>
      </div>
    </div>
  </div>
  <div
    className="block h-full py-64 "
    style={
      Object {
        "backgroundColor": "#F0EEF0",
      }
    }
  />
</div>
`;
