// Jest Snapshot v1, https://goo.gl/fbAQLP

exports[`renders correctly 1`] = `
<div
  className="relative bg-gray-400 h-screan"
>
  <div
    className="top-0 flex-grow w-full h-64 py-64 Header "
    style={
      Object {
        "backgroundColor": "#ADCCD2",
      }
    }
  >
    <svg
      className="absolute w-full h-full buttom-0"
      preserveAspectRatio="none"
      viewBox="0 0 100 100"
      xmlns="http://www.w3.org/2000/svg"
    >
      <polygon
        fill="white"
        points="0,100 100,0 100,100"
      />
    </svg>
  </div>
  <div
    className="absolute left-0 right-0 w-full mx-auto md:w-9/12"
    style={
      Object {
        "top": "300px",
      }
    }
  >
    <div
      className="relative z-10 flex flex-wrap justify-center w-full pb-12 -mt-32 text-center"
    >
      <div
        className="w-full px-12 md:w-8/12 md:px-6"
      >
        <h2
          className="text-4xl font-semibold text-blue-700"
        >
          ourpsychiatrists
        </h2>
        <div
          className="box-content flex justify-center mt-4 mb-4 text-lg leading-relaxed text-gray-600 "
        >
          <p
            className=""
          >
            psychiatristsDetails
          </p>
        </div>
      </div>
    </div>
    <div
      className="flex flex-col"
    >
      <div
        className="-my-2 overflow-x-auto lg:overflow-hidden sm:-mx-6 lg:-mx-8"
      >
        <div
          className="inline-block min-w-full py-2 align-middle sm:px-6 lg:px-8"
        >
          <div
            className="overflow-hidden border-b border-gray-200 shadow sm:rounded-lg"
          >
            <table
              className="min-w-full divide-y divide-gray-200"
            >
              <thead
                className="bg-gray-200"
              >
                <tr>
                  <th
                    className="px-6 py-3 text-xs font-medium leading-4 tracking-wider text-left text-gray-500 uppercase bg-gray-50"
                  >
                    Name
                  </th>
                  <th
                    className="px-6 py-3 text-xs font-medium leading-4 tracking-wider text-left text-gray-500 uppercase bg-gray-50"
                  >
                    specialty
                  </th>
                  <th
                    className="px-6 py-3 text-xs font-medium leading-4 tracking-wider text-left text-gray-500 uppercase bg-gray-50"
                  >
                    workplace
                  </th>
                  <th
                    className="px-6 py-3 bg-gray-50"
                  />
                </tr>
              </thead>
              <tbody
                className="bg-white divide-y divide-gray-200"
              >
                <tr>
                  <td
                    className="px-6 py-4 whitespace-no-wrap"
                  >
                    <div
                      className="flex items-center"
                    >
                      <div
                        className="flex-shrink-0 w-10 h-10"
                      >
                        <img
                          alt=""
                          className="w-10 h-10 rounded-full roNot provided yetd-full"
                          src="http://www.sghsanaa.com/imgs/doctors/nabil_1.jpg"
                        />
                      </div>
                      <div
                        className="ml-4"
                      >
                        <div
                          className="text-sm font-medium leading-5 text-gray-900"
                        >
                          DrNabeel
                        </div>
                        <div
                          className="text-sm leading-5 text-gray-500"
                        >
                          
                        </div>
                      </div>
                    </div>
                  </td>
                  <td
                    className="px-6 py-4 whitespace-no-wrap"
                  >
                    <div
                      className="text-sm leading-5 text-gray-900"
                    >
                      Nabeelspecialty
                    </div>
                  </td>
                  <td
                    className="px-6 py-4 whitespace-no-wrap"
                  >
                    <span
                      className="inline-flex px-2 text-xs font-semibold leading-5 text-green-800 bg-green-100 roNot provided yetd-full"
                    >
                      Nabeelworkplace
                    </span>
                  </td>
                  <td
                    className="px-6 py-4 text-sm font-medium leading-5 text-right whitespace-no-wrap"
                  >
                    <button
                      className="text-indigo-600 hover:text-blue-500"
                      onClick={[Function]}
                    >
                      Contact
                    </button>
                  </td>
                </tr>
              </tbody>
              <tbody
                className="bg-white divide-y divide-gray-200"
              >
                <tr>
                  <td
                    className="px-6 py-4 whitespace-no-wrap"
                  >
                    <div
                      className="flex items-center"
                    >
                      <div
                        className="flex-shrink-0 w-10 h-10"
                      >
                        <img
                          alt=""
                          className="w-10 h-10 rounded-full roNot provided yetd-full"
                          src="http://ye-mj.net/userimages/2019/06/1560527133blobid0.jpg"
                        />
                      </div>
                      <div
                        className="ml-4"
                      >
                        <div
                          className="text-sm font-medium leading-5 text-gray-900"
                        >
                          DrKulaidi
                        </div>
                        <div
                          className="text-sm leading-5 text-gray-500"
                        >
                          
                        </div>
                      </div>
                    </div>
                  </td>
                  <td
                    className="px-6 py-4 whitespace-no-wrap"
                  >
                    <div
                      className="text-sm leading-5 text-gray-900"
                    >
                      Kulaidispecialty
                    </div>
                  </td>
                  <td
                    className="px-6 py-4 whitespace-no-wrap"
                  >
                    <span
                      className="inline-flex px-2 text-xs font-semibold leading-5 text-green-800 bg-green-100 roNot provided yetd-full"
                    >
                      Kulaidiworkplace
                    </span>
                  </td>
                  <td
                    className="px-6 py-4 text-sm font-medium leading-5 text-right whitespace-no-wrap"
                  >
                    <button
                      className="text-indigo-600 hover:text-blue-500"
                      onClick={[Function]}
                    >
                      Contact
                    </button>
                  </td>
                </tr>
              </tbody>
              <tbody
                className="bg-white divide-y divide-gray-200"
              >
                <tr>
                  <td
                    className="px-6 py-4 whitespace-no-wrap"
                  >
                    <div
                      className="flex items-center"
                    >
                      <div
                        className="flex-shrink-0 w-10 h-10"
                      >
                        <img
                          alt=""
                          className="w-10 h-10 rounded-full roNot provided yetd-full"
                          src="http://fcdf-ye.org/Uploads/637016382831266987.jpg"
                        />
                      </div>
                      <div
                        className="ml-4"
                      >
                        <div
                          className="text-sm font-medium leading-5 text-gray-900"
                        >
                          DrBelgees
                        </div>
                        <div
                          className="text-sm leading-5 text-gray-500"
                        >
                          
                        </div>
                      </div>
                    </div>
                  </td>
                  <td
                    className="px-6 py-4 whitespace-no-wrap"
                  >
                    <div
                      className="text-sm leading-5 text-gray-900"
                    >
                      BMSpecialty
                    </div>
                  </td>
                  <td
                    className="px-6 py-4 whitespace-no-wrap"
                  >
                    <span
                      className="inline-flex px-2 text-xs font-semibold leading-5 text-green-800 bg-green-100 roNot provided yetd-full"
                    >
                      Belgeesworkplace
                    </span>
                  </td>
                  <td
                    className="px-6 py-4 text-sm font-medium leading-5 text-right whitespace-no-wrap"
                  >
                    <button
                      className="text-indigo-600 hover:text-blue-500"
                      onClick={[Function]}
                    >
                      Contact
                    </button>
                  </td>
                </tr>
              </tbody>
              <tbody
                className="bg-white divide-y divide-gray-200"
              >
                <tr>
                  <td
                    className="px-6 py-4 whitespace-no-wrap"
                  >
                    <div
                      className="flex items-center"
                    >
                      <div
                        className="flex-shrink-0 w-10 h-10"
                      >
                        <img
                          alt=""
                          className="w-10 h-10 rounded-full roNot provided yetd-full"
                          src="https://scontent.fsah1-1.fna.fbcdn.net/v/t1.0-9/52699376_2246048215615990_963345539401777152_n.jpg?_nc_cat=110&ccb=2&_nc_sid=85a577&_nc_ohc=06Mm3DZq_HEAX-OjfVA&_nc_ht=scontent.fsah1-1.fna&oh=c07b0d89314177dcbc6a6afae001a634&oe=5FDA6EB6"
                        />
                      </div>
                      <div
                        className="ml-4"
                      >
                        <div
                          className="text-sm font-medium leading-5 text-gray-900"
                        >
                          DrMahfoodh
                        </div>
                        <div
                          className="text-sm leading-5 text-gray-500"
                        >
                          
                        </div>
                      </div>
                    </div>
                  </td>
                  <td
                    className="px-6 py-4 whitespace-no-wrap"
                  >
                    <div
                      className="text-sm leading-5 text-gray-900"
                    >
                      BMSpecialty
                    </div>
                  </td>
                  <td
                    className="px-6 py-4 whitespace-no-wrap"
                  >
                    <span
                      className="inline-flex px-2 text-xs font-semibold leading-5 text-green-800 bg-green-100 roNot provided yetd-full"
                    >
                      Mahfoodworkplace
                    </span>
                  </td>
                  <td
                    className="px-6 py-4 text-sm font-medium leading-5 text-right whitespace-no-wrap"
                  >
                    <button
                      className="text-indigo-600 hover:text-blue-500"
                      onClick={[Function]}
                    >
                      Contact
                    </button>
                  </td>
                </tr>
              </tbody>
              <tbody
                className="bg-white divide-y divide-gray-200"
              >
                <tr>
                  <td
                    className="px-6 py-4 whitespace-no-wrap"
                  >
                    <div
                      className="flex items-center"
                    >
                      <div
                        className="flex-shrink-0 w-10 h-10"
                      >
                        <img
                          alt=""
                          className="w-10 h-10 rounded-full roNot provided yetd-full"
                          src="http://fcdf-ye.org/Uploads/636528748345104319.jpg"
                        />
                      </div>
                      <div
                        className="ml-4"
                      >
                        <div
                          className="text-sm font-medium leading-5 text-gray-900"
                        >
                          DrSaif
                        </div>
                        <div
                          className="text-sm leading-5 text-gray-500"
                        >
                          
                        </div>
                      </div>
                    </div>
                  </td>
                  <td
                    className="px-6 py-4 whitespace-no-wrap"
                  >
                    <div
                      className="text-sm leading-5 text-gray-900"
                    >
                      BMSpecialty
                    </div>
                  </td>
                  <td
                    className="px-6 py-4 whitespace-no-wrap"
                  >
                    <span
                      className="inline-flex px-2 text-xs font-semibold leading-5 text-green-800 bg-green-100 roNot provided yetd-full"
                    >
                      Belgeesworkplace
                    </span>
                  </td>
                  <td
                    className="px-6 py-4 text-sm font-medium leading-5 text-right whitespace-no-wrap"
                  >
                    <button
                      className="text-indigo-600 hover:text-blue-500"
                      onClick={[Function]}
                    >
                      Contact
                    </button>
                  </td>
                </tr>
              </tbody>
              <tbody
                className="bg-white divide-y divide-gray-200"
              >
                <tr>
                  <td
                    className="px-6 py-4 whitespace-no-wrap"
                  >
                    <div
                      className="flex items-center"
                    >
                      <div
                        className="flex-shrink-0 w-10 h-10"
                      >
                        <img
                          alt=""
                          className="w-10 h-10 rounded-full roNot provided yetd-full"
                          src="https://www.shareicon.net/data/512x512/2016/08/18/813849_people_512x512.png"
                        />
                      </div>
                      <div
                        className="ml-4"
                      >
                        <div
                          className="text-sm font-medium leading-5 text-gray-900"
                        >
                          DrSamah
                        </div>
                        <div
                          className="text-sm leading-5 text-gray-500"
                        >
                          psychoinfo17@gmail.com
                        </div>
                      </div>
                    </div>
                  </td>
                  <td
                    className="px-6 py-4 whitespace-no-wrap"
                  >
                    <div
                      className="text-sm leading-5 text-gray-900"
                    >
                      SamahSpecialty
                    </div>
                  </td>
                  <td
                    className="px-6 py-4 whitespace-no-wrap"
                  >
                    <span
                      className="inline-flex px-2 text-xs font-semibold leading-5 text-green-800 bg-green-100 roNot provided yetd-full"
                    >
                      Samahworkplace
                    </span>
                  </td>
                  <td
                    className="px-6 py-4 text-sm font-medium leading-5 text-right whitespace-no-wrap"
                  >
                    <button
                      className="text-indigo-600 hover:text-blue-500"
                      onClick={[Function]}
                    >
                      Contact
                    </button>
                  </td>
                </tr>
              </tbody>
              <tbody
                className="bg-white divide-y divide-gray-200"
              >
                <tr>
                  <td
                    className="px-6 py-4 whitespace-no-wrap"
                  >
                    <div
                      className="flex items-center"
                    >
                      <div
                        className="flex-shrink-0 w-10 h-10"
                      >
                        <img
                          alt=""
                          className="w-10 h-10 rounded-full roNot provided yetd-full"
                          src="https://www.shareicon.net/data/512x512/2016/08/18/813844_people_512x512.png"
                        />
                      </div>
                      <div
                        className="ml-4"
                      >
                        <div
                          className="text-sm font-medium leading-5 text-gray-900"
                        >
                          DrAlsharabi
                        </div>
                        <div
                          className="text-sm leading-5 text-gray-500"
                        >
                          
                        </div>
                      </div>
                    </div>
                  </td>
                  <td
                    className="px-6 py-4 whitespace-no-wrap"
                  >
                    <div
                      className="text-sm leading-5 text-gray-900"
                    >
                      BMSpecialty
                    </div>
                  </td>
                  <td
                    className="px-6 py-4 whitespace-no-wrap"
                  >
                    <span
                      className="inline-flex px-2 text-xs font-semibold leading-5 text-green-800 bg-green-100 roNot provided yetd-full"
                    >
                      Alsharabiworkplace
                    </span>
                  </td>
                  <td
                    className="px-6 py-4 text-sm font-medium leading-5 text-right whitespace-no-wrap"
                  >
                    <button
                      className="text-indigo-600 hover:text-blue-500"
                      onClick={[Function]}
                    >
                      Contact
                    </button>
                  </td>
                </tr>
              </tbody>
              <tbody
                className="bg-white divide-y divide-gray-200"
              >
                <tr>
                  <td
                    className="px-6 py-4 whitespace-no-wrap"
                  >
                    <div
                      className="flex items-center"
                    >
                      <div
                        className="flex-shrink-0 w-10 h-10"
                      >
                        <img
                          alt=""
                          className="w-10 h-10 rounded-full roNot provided yetd-full"
                          src="https://www.shareicon.net/data/512x512/2016/08/18/813844_people_512x512.png"
                        />
                      </div>
                      <div
                        className="ml-4"
                      >
                        <div
                          className="text-sm font-medium leading-5 text-gray-900"
                        >
                          DrAbdulqader
                        </div>
                        <div
                          className="text-sm leading-5 text-gray-500"
                        >
                          
                        </div>
                      </div>
                    </div>
                  </td>
                  <td
                    className="px-6 py-4 whitespace-no-wrap"
                  >
                    <div
                      className="text-sm leading-5 text-gray-900"
                    >
                      BMSpecialty
                    </div>
                  </td>
                  <td
                    className="px-6 py-4 whitespace-no-wrap"
                  >
                    <span
                      className="inline-flex px-2 text-xs font-semibold leading-5 text-green-800 bg-green-100 roNot provided yetd-full"
                    >
                      Abdulqaderworkplac
                    </span>
                  </td>
                  <td
                    className="px-6 py-4 text-sm font-medium leading-5 text-right whitespace-no-wrap"
                  >
                    <button
                      className="text-indigo-600 hover:text-blue-500"
                      onClick={[Function]}
                    >
                      Contact
                    </button>
                  </td>
                </tr>
              </tbody>
            </table>
          </div>
        </div>
      </div>
    </div>
  </div>
  <div
    className="block h-full py-64 mb-64 md:mb-32"
    style={
      Object {
        "backgroundColor": "#F0EEF0",
      }
    }
  />
</div>
`;
