// Jest Snapshot v1, https://goo.gl/fbAQLP

exports[`renders correctly 1`] = `
<div
  className="w-full max-w-xs mx-auto"
>
  <form
    className="pt-6 pb-3 mb-4 bg-white rounded"
    onSubmit={[Function]}
  >
    <input
      className="w-full p-3 leading-tight text-gray-700 border rounded appearance-none focus:outline-none focus:shadow-outline"
      id="email"
      name="email"
      onChange={[Function]}
      placeholder="yourEmail"
      type="text"
    />
    <input
      className="w-full p-3 mt-5 leading-tight text-gray-700 border rounded appearance-none focus:outline-none focus:shadow-outline"
      id="password"
      name="password"
      onChange={[Function]}
      placeholder="yourPassword"
      type="password"
    />
    <div
      className="flex items-center justify-between mb-6"
    >
      <button
        className="inline-block w-full px-4 py-3 mt-5 text-white bg-blue-800 rounded shadow-lg hover:bg-blue-600 focus:bg-blue-700"
        type="submit"
      >
        Login
      </button>
    </div>
    <div
      className="text-lg text-red-500"
    >
      
    </div>
  </form>
</div>
`;
