// Jest Snapshot v1, https://goo.gl/fbAQLP

exports[`renders correctly 1`] = `
<div
  className="w-full max-w-xs mx-auto"
>
  <form
    className="bg-white  rounded  pt-6 pb-3 mb-4"
    onSubmit={[Function]}
  >
    <input
      className=" appearance-none border rounded w-full p-3 text-gray-700 leading-tight focus:outline-none focus:shadow-outline"
      id="email"
      name="email"
      onChange={[Function]}
      placeholder="yourEmail"
      type="text"
    />
    <input
      className=" mt-5 appearance-none border rounded w-full p-3 text-gray-700 leading-tight focus:outline-none focus:shadow-outline"
      id="password"
      name="password"
      onChange={[Function]}
      placeholder="yourPassword"
      type="password"
    />
    <div
      className="flex items-center justify-between mb-6"
    >
      <button
        className="mt-5 px-4 py-3 w-full rounded text-white inline-block shadow-lg bg-blue-800 hover:bg-blue-600 focus:bg-blue-700"
        type="submit"
      >
        Login
      </button>
    </div>
  </form>
</div>
`;
