// Jest Snapshot v1, https://goo.gl/fbAQLP

exports[`renders correctly 1`] = `
<div
  className="w-full max-w-md mx-auto"
>
  <form
    onSubmit={[Function]}
  >
    <input
      className="  appearance-none border rounded w-full py-3 px-3 text-gray-700 leading-tight focus:outline-none focus:bg-white "
      id="name"
      name="name"
      onChange={[Function]}
      placeholder="yourNam"
      type="text"
    />
    <input
      className=" mt-8 appearance-none border rounded w-full py-3 px-3 text-gray-700 leading-tight focus:outline-none "
      id="email"
      name="email"
      onChange={[Function]}
      placeholder="yourEmail"
      type="text"
    />
    <input
      className="mt-8 appearance-none border rounded w-full py-3 px-3 text-gray-700 leading-tight focus:outline-none "
      id="password"
      name="password"
      onChange={[Function]}
      placeholder="yourPassword"
      type="password"
    />
    <input
      className="mt-8 appearance-none border rounded w-full py-3 px-3 text-gray-700 leading-tight focus:outline-none "
      id="confirmPassword"
      name="confirmPassword"
      onChange={[Function]}
      placeholder="confirmYourPassword"
      type="password"
    />
    <button
      className="mt-4 w-full text-center py-3 rounded bg-green-400 text-white hover:bg-green-500 focus:outline-none my-1 "
      type="submit"
    >
      SignUP
    </button>
  </form>
</div>
`;
