// Jest Snapshot v1, https://goo.gl/fbAQLP

exports[`renders correctly 1`] = `
<div
  className="w-full max-w-xs mx-auto"
>
  <form
    className="px-8 pt-6 pb-8 mb-4 bg-white rounded shadow-md"
    onSubmit={[Function]}
  >
    <label
      className="block mb-2 text-sm font-bold text-gray-700"
      htmlFor="name"
    >
      Name
      <input
        className="w-full px-3 py-2 leading-tight text-gray-700 border rounded shadow appearance-none focus:outline-none focus:shadow-outline"
        id="name"
        name="name"
        onChange={[Function]}
        placeholder="yourNam"
        type="text"
      />
    </label>
    <label
      className="block mb-2 text-sm font-bold text-gray-700"
      htmlFor="email"
    >
      Email
      <input
        className="w-full px-3 py-2 leading-tight text-gray-700 border rounded shadow appearance-none focus:outline-none focus:shadow-outline"
        id="email"
        name="email"
        onChange={[Function]}
        placeholder="yourEmail"
        type="text"
      />
    </label>
    <label
      className="block mb-2 text-sm font-bold text-gray-700"
      htmlFor="password"
    >
      Password
      <input
        className="w-full px-3 py-2 leading-tight text-gray-700 border rounded shadow appearance-none focus:outline-none focus:shadow-outline"
        id="password"
        name="password"
        onChange={[Function]}
        placeholder="yourPassword"
        type="password"
      />
    </label>
    <label
      className="block mb-2 text-sm font-bold text-gray-700"
      htmlFor="confirmPassword"
    >
      confirmPassword
      <input
        className="w-full px-3 py-2 leading-tight text-gray-700 border rounded shadow appearance-none focus:outline-none focus:shadow-outline"
        id="confirmPassword"
        name="confirmPassword"
        onChange={[Function]}
        placeholder="confirmYourPassword"
        type="password"
      />
    </label>
    <button
      className="px-4 py-2 mt-4 font-bold text-white bg-red-500 rounded hover:bg-red-700 focus:outline-none focus:shadow-outline"
      type="submit"
    >
      SignUP
    </button>
    <div
      className="text-lg text-red-500"
    >
      
    </div>
  </form>
</div>
`;
