// Jest Snapshot v1, https://goo.gl/fbAQLP

exports[`renders correctly 1`] = `
<div
  className="w-full max-w-xs m-8"
>
  <form
    className="bg-white shadow-md  rounded px-8 pt-6 pb-8 mb-4"
    onSubmit={[Function]}
  >
    <label
      className="block text-gray-700 text-sm font-bold mb-2"
      htmlFor="name"
    >
      Name
    </label>
    <input
      className="shadow appearance-none border rounded w-full py-2 px-3 text-gray-700 leading-tight focus:outline-none focus:shadow-outline"
      id="name"
      name="name"
      onChange={[Function]}
      placeholder="Enter your Name"
      type="text"
    />
    <br />
    <label
      className="block text-gray-700 text-sm font-bold mb-2"
      htmlFor="email"
    >
      Email
    </label>
    <input
      className="shadow appearance-none border rounded w-full py-2 px-3 text-gray-700 leading-tight focus:outline-none focus:shadow-outline"
      id="email"
      name="email"
      onChange={[Function]}
      placeholder="Enter your email"
      type="text"
    />
    <br />
    <label
      className="block text-gray-700 text-sm font-bold mb-2"
      htmlFor="password"
    >
      Password
    </label>
    <input
      className="shadow appearance-none border rounded w-full py-2 px-3 text-gray-700 leading-tight focus:outline-none focus:shadow-outline"
      id="password"
      name="password"
      onChange={[Function]}
      placeholder="Enter your password"
      type="password"
    />
    <br />
    <label
      className="block text-gray-700 text-sm font-bold mb-2"
      htmlFor="confirmPassword"
    >
      Confirm Password
    </label>
    <input
      className="shadow appearance-none border rounded w-full py-2 px-3 text-gray-700 leading-tight focus:outline-none focus:shadow-outline"
      id="confirmPassword"
      name="confirmPassword"
      onChange={[Function]}
      placeholder="Confirm your password"
      type="password"
    />
    <br />
    <button
      className="bg-red-500 mt-4 hover:bg-red-700 text-white font-bold py-2 px-4 rounded focus:outline-none focus:shadow-outline"
      type="submit"
    >
      Sign UP
    </button>
  </form>
</div>
`;
