// Jest Snapshot v1, https://goo.gl/fbAQLP

exports[`renders correctly 1`] = `
<div
  className="w-full max-w-xs mx-auto"
>
  <form
    className="pt-6 pb-3 mb-4 bg-white rounded"
    onSubmit={[Function]}
  >
    <div
      className="mb-2 text-lg text-green-500"
    >
      
    </div>
    <input
      className="w-full px-3 py-2 leading-tight text-gray-700 border rounded shadow appearance-none focus:outline-none focus:shadow-outline"
      id="email"
      name="email"
      onChange={[Function]}
      placeholder="yourEmail"
      type="text"
    />
    <div
      className="mb-2"
    >
      <button
        className="w-full px-4 py-2 mt-5 text-white bg-blue-800 rounded shadow-lg focus:outline-none over:bg-blue-600 focus:bg-blue-700"
        type="submit"
      >
        Reset
      </button>
    </div>
    <div
      className="mt-2 text-red-500 mtext-lg"
    >
      
    </div>
  </form>
</div>
`;
